mode: set
github.com/nikolaykonkin/go-finops-service/internal/services/transaction_service.go:27.56,28.33 1 1
github.com/nikolaykonkin/go-finops-service/internal/services/transaction_service.go:28.33,30.3 1 1
github.com/nikolaykonkin/go-finops-service/internal/services/transaction_service.go:31.2,31.69 1 1
github.com/nikolaykonkin/go-finops-service/internal/services/transaction_service.go:31.69,33.3 1 1
github.com/nikolaykonkin/go-finops-service/internal/services/transaction_service.go:34.2,34.65 1 1
github.com/nikolaykonkin/go-finops-service/internal/services/transaction_service.go:34.65,36.3 1 1
github.com/nikolaykonkin/go-finops-service/internal/services/transaction_service.go:38.2,38.42 1 1
github.com/nikolaykonkin/go-finops-service/internal/services/transaction_service.go:38.42,40.3 1 1
github.com/nikolaykonkin/go-finops-service/internal/services/transaction_service.go:42.2,42.12 1 1
github.com/nikolaykonkin/go-finops-service/internal/services/transaction_service.go:55.23,61.2 1 1
github.com/nikolaykonkin/go-finops-service/internal/services/transaction_service.go:73.106,74.48 1 1
github.com/nikolaykonkin/go-finops-service/internal/services/transaction_service.go:74.48,76.3 1 1
github.com/nikolaykonkin/go-finops-service/internal/services/transaction_service.go:78.2,79.16 2 1
github.com/nikolaykonkin/go-finops-service/internal/services/transaction_service.go:79.16,81.3 1 1
github.com/nikolaykonkin/go-finops-service/internal/services/transaction_service.go:82.2,82.67 1 1
github.com/nikolaykonkin/go-finops-service/internal/services/transaction_service.go:82.67,84.3 1 1
github.com/nikolaykonkin/go-finops-service/internal/services/transaction_service.go:86.2,87.16 2 1
github.com/nikolaykonkin/go-finops-service/internal/services/transaction_service.go:87.16,89.3 1 0
github.com/nikolaykonkin/go-finops-service/internal/services/transaction_service.go:90.2,93.16 3 1
github.com/nikolaykonkin/go-finops-service/internal/services/transaction_service.go:93.16,95.3 1 0
github.com/nikolaykonkin/go-finops-service/internal/services/transaction_service.go:97.2,97.41 1 1
github.com/nikolaykonkin/go-finops-service/internal/services/transaction_service.go:97.41,99.3 1 0
github.com/nikolaykonkin/go-finops-service/internal/services/transaction_service.go:101.2,102.16 2 1
github.com/nikolaykonkin/go-finops-service/internal/services/transaction_service.go:106.103,108.2 1 1
github.com/nikolaykonkin/go-finops-service/internal/services/transaction_service.go:113.110,114.51 1 1
github.com/nikolaykonkin/go-finops-service/internal/services/transaction_service.go:114.51,116.3 1 1
github.com/nikolaykonkin/go-finops-service/internal/services/transaction_service.go:117.2,117.68 1 1
github.com/nikolaykonkin/go-finops-service/internal/services/transaction_service.go:117.68,119.3 1 1
github.com/nikolaykonkin/go-finops-service/internal/services/transaction_service.go:121.2,121.51 1 1
github.com/nikolaykonkin/go-finops-service/internal/services/transaction_service.go:129.83,131.16 2 1
github.com/nikolaykonkin/go-finops-service/internal/services/transaction_service.go:131.16,133.3 1 0
github.com/nikolaykonkin/go-finops-service/internal/services/transaction_service.go:134.2,137.16 3 1
github.com/nikolaykonkin/go-finops-service/internal/services/transaction_service.go:137.16,139.3 1 1
github.com/nikolaykonkin/go-finops-service/internal/services/transaction_service.go:141.2,141.23 1 1
github.com/nikolaykonkin/go-finops-service/internal/services/transaction_service.go:141.23,143.41 2 1
github.com/nikolaykonkin/go-finops-service/internal/services/transaction_service.go:143.41,145.4 1 1
github.com/nikolaykonkin/go-finops-service/internal/services/transaction_service.go:146.3,146.84 1 1
github.com/nikolaykonkin/go-finops-service/internal/services/transaction_service.go:146.84,148.4 1 1
github.com/nikolaykonkin/go-finops-service/internal/services/transaction_service.go:151.2,151.41 1 1
github.com/nikolaykonkin/go-finops-service/internal/services/transaction_service.go:151.41,153.3 1 0
github.com/nikolaykonkin/go-finops-service/internal/services/transaction_service.go:155.2,155.12 1 1
github.com/nikolaykonkin/go-finops-service/internal/services/user_service.go:14.72,16.2 1 1
github.com/nikolaykonkin/go-finops-service/internal/services/user_service.go:20.92,21.17 1 1
github.com/nikolaykonkin/go-finops-service/internal/services/user_service.go:21.17,23.3 1 0
github.com/nikolaykonkin/go-finops-service/internal/services/user_service.go:25.2,25.43 1 1
